2025-11-10T10:23:45.123Z INFO [api] GET /users/123 200 45ms
2025-11-10T10:23:46.234Z ERROR [api] POST /orders 500 1203ms database connection timeout
2025-11-10T10:23:47.345Z INFO [api] GET /products 200 23ms